n=3      s=1e-6   rho=0.33333    Q=-0.00023809    Q''=-0.00184315   
n=3      s=1e-6   rho=0.33343    Q=+0.00013398    Q''=-0.00184315   
n=3      s=1e-6   rho=0.34333    Q=+0.0369692     Q''=-0.00184316   
n=3      s=1e-6   rho=0.38333    Q=+0.185797      Q''=-0.00184318   
n=3      s=1e-6   rho=0.48333    Q=+0.557852      Q''=-0.00184325   
n=3      s=1e-6   rho=0.68333    Q=+1.30191       Q''=-0.00184338   
n=3      s=1e-6   rho=1.00033    Q=+2.48109       Q''=-0.00184359   
n=3      s=1e-6   rho=1.53333    Q=+4.46332       Q''=-0.00184394   
n=3      s=1e-6   rho=2.33333    Q=+7.43756       Q''=-0.00184446   
n=3      s=1e-6   rho=4.33333    Q=+14.868        Q''=-0.00184578   
n=3      s=1e-6   rho=8.33333    Q=+29.7067       Q''=-0.0018484    
n=3      s=1e-3   rho=0.33333    Q=-0.00757907    Q''=-0.0584017    
n=3      s=1e-3   rho=0.33343    Q=-0.00720638    Q''=-0.0584018    
n=3      s=1e-3   rho=0.34333    Q=+0.0296873     Q''=-0.0584083    
n=3      s=1e-3   rho=0.38333    Q=+0.178694      Q''=-0.0584345    
n=3      s=1e-3   rho=0.48333    Q=+0.550803      Q''=-0.0585003    
n=3      s=1e-3   rho=0.68333    Q=+1.29326       Q''=-0.0586319    
n=3      s=1e-3   rho=1.00033    Q=+2.46526       Q''=-0.058841     
n=3      s=1e-3   rho=1.53333    Q=+4.4225        Q''=-0.0591939    
n=3      s=1e-3   rho=2.33333    Q=+7.32859       Q''=-0.0597268    
n=3      s=1e-3   rho=4.33333    Q=+14.4259       Q''=-0.0610757    
n=3      s=1e-3   rho=8.33333    Q=+27.8819       Q''=-0.0638454    
n=3      s=0.03   rho=0.33333    Q=-0.0428093     Q''=-0.322602     
n=3      s=0.03   rho=0.33343    Q=-0.0424336     Q''=-0.322604     
n=3      s=0.03   rho=0.34333    Q=-0.00525105    Q''=-0.3228       
n=3      s=0.03   rho=0.38333    Q=+0.144659      Q''=-0.323592     
n=3      s=0.03   rho=0.48333    Q=+0.517166      Q''=-0.325581     
n=3      s=0.03   rho=0.68333    Q=+1.25239       Q''=-0.329587     
n=3      s=0.03   rho=1.00033    Q=+2.39066       Q''=-0.336015     
n=3      s=0.03   rho=1.53333    Q=+4.22806       Q''=-0.347041     
n=3      s=0.03   rho=2.33333    Q=+6.79984       Q''=-0.364107     
n=3      s=0.03   rho=4.33333    Q=+12.1848       Q''=-0.409531     
n=3      s=0.03   rho=8.33333    Q=+17.8386       Q''=-0.512361     
n=3      s=0.3    rho=0.33333    Q=-0.147117      Q''=-1.0365       
n=3      s=0.3    rho=0.33343    Q=-0.146732      Q''=-1.03652      
n=3      s=0.3    rho=0.34333    Q=-0.108616      Q''=-1.03849      
n=3      s=0.3    rho=0.38333    Q=+0.0443461     Q''=-1.04645      
n=3      s=0.3    rho=0.48333    Q=+0.419399      Q''=-1.06655      
n=3      s=0.3    rho=0.68333    Q=+1.1373        Q''=-1.1076       
n=3      s=0.3    rho=1.00033    Q=+2.18374       Q''=-1.175        
n=3      s=0.3    rho=1.53333    Q=+3.67339       Q''=-1.29483      
n=3      s=0.3    rho=2.33333    Q=+5.20717       Q''=-1.49018      
n=3      s=0.3    rho=4.33333    Q=+4.56195       Q''=-2.05992      
n=3      s=0.3    rho=8.33333    Q=-24.2965       Q''=-3.5367       
n=3      s=1      rho=0.33333    Q=-0.297933      Q''=-1.89965      
n=3      s=1      rho=0.33343    Q=-0.297532      Q''=-1.89972      
n=3      s=1      rho=0.34333    Q=-0.257887      Q''=-1.90613      
n=3      s=1      rho=0.38333    Q=-0.0996142     Q''=-1.93219      
n=3      s=1      rho=0.48333    Q=+0.28245       Q''=-1.99842      
n=3      s=1      rho=0.68333    Q=+0.985944      Q''=-2.13561      
n=3      s=1      rho=1.00033    Q=+1.92365       Q''=-2.36617      
n=3      s=1      rho=1.53333    Q=+2.95136       Q''=-2.7912       
n=3      s=1      rho=2.33333    Q=+2.96175       Q''=-3.52247      
n=3      s=1      rho=4.33333    Q=-8.12154       Q''=-5.89601      
n=3      s=1      rho=8.33333    Q=-113.468       Q''=-11.9775      
n=3      s=3      rho=0.33333    Q=-0.613881      Q''=-3.15644      
n=3      s=3      rho=0.33343    Q=-0.61344       Q''=-3.15661      
n=3      s=3      rho=0.34333    Q=-0.57003       Q''=-3.17432      
n=3      s=3      rho=0.38333    Q=-0.39782       Q''=-3.24664      
n=3      s=3      rho=0.48333    Q=+0.00972073    Q''=-3.43295      
n=3      s=3      rho=0.68333    Q=+0.719847      Q''=-3.83073      
n=3      s=3      rho=1.00033    Q=+1.52435       Q''=-4.53897      
n=3      s=3      rho=1.53333    Q=+1.80498       Q''=-5.99048      
n=3      s=3      rho=2.33333    Q=-1.14349       Q''=-8.87313      
n=3      s=3      rho=4.33333    Q=-38.4348       Q''=-17.9536      
n=3      s=3      rho=8.33333    Q=-364.444       Q''=-36           
n=3      s=10     rho=0.33333    Q=-1.58185       Q''=-4.09837      
n=3      s=10     rho=0.33343    Q=-1.58126       Q''=-4.09892      
n=3      s=10     rho=0.34333    Q=-1.52314       Q''=-4.15352      
n=3      s=10     rho=0.38333    Q=-1.29251       Q''=-4.38418      
n=3      s=10     rho=0.48333    Q=-0.747501      Q''=-5.03542      
n=3      s=10     rho=0.68333    Q=+0.183506      Q''=-6.68398      
n=3      s=10     rho=1.00033    Q=+1.07521       Q''=-10.2302      
n=3      s=10     rho=1.53333    Q=+0.0195396     Q''=-17.8417      
n=3      s=10     rho=2.33333    Q=-11.814        Q''=-29.9821      
n=3      s=10     rho=4.33333    Q=-142.148       Q''=-60           
n=3      s=10     rho=8.33333    Q=-1242.81       Q''=-120          
n=3      s=40     rho=0.33333    Q=-5.92835       Q''=-0.493382     
n=3      s=40     rho=0.33343    Q=-5.92687       Q''=-0.498876     
n=3      s=40     rho=0.34333    Q=-5.77966       Q''=-1.04487      
n=3      s=40     rho=0.38333    Q=-5.18647       Q''=-3.2886       
n=3      s=40     rho=0.48333    Q=-3.73458       Q''=-9.0827       
n=3      s=40     rho=0.68333    Q=-1.16288       Q''=-20.9981      
n=3      s=40     rho=1.00033    Q=+1.0005        Q''=-40.0192      
n=3      s=40     rho=1.53333    Q=-5.40593       Q''=-72           
n=3      s=40     rho=2.33333    Q=-56.2593       Q''=-120          
n=3      s=40     rho=4.33333    Q=-586.593       Q''=-240          
n=3      s=40     rho=8.33333    Q=-5007.26       Q''=-480          
n=4      s=1e-6   rho=0.33333    Q=-0.000254828   Q''=-0.00209391   
n=4      s=1e-6   rho=0.33343    Q=+0.000168163   Q''=-0.00209391   
n=4      s=1e-6   rho=0.34333    Q=+0.0420446     Q''=-0.00209392   
n=4      s=1e-6   rho=0.38333    Q=+0.21124       Q''=-0.00209394   
n=4      s=1e-6   rho=0.48333    Q=+0.634214      Q''=-0.00209401   
n=4      s=1e-6   rho=0.68333    Q=+1.4801        Q''=-0.00209414   
n=4      s=1e-6   rho=1.00033    Q=+2.82066       Q''=-0.00209434   
n=4      s=1e-6   rho=1.53333    Q=+5.07418       Q''=-0.00209468   
n=4      s=1e-6   rho=2.33333    Q=+8.45546       Q''=-0.0020952    
n=4      s=1e-6   rho=4.33333    Q=+16.9028       Q''=-0.00209648   
n=4      s=1e-6   rho=8.33333    Q=+33.7723       Q''=-0.00209906   
n=4      s=1e-3   rho=0.33333    Q=-0.00810644    Q''=-0.0663378    
n=4      s=1e-3   rho=0.33343    Q=-0.00768303    Q''=-0.0663379    
n=4      s=1e-3   rho=0.34333    Q=+0.0342311     Q''=-0.0663443    
n=4      s=1e-3   rho=0.38333    Q=+0.203515      Q''=-0.06637      
n=4      s=1e-3   rho=0.48333    Q=+0.62626       Q''=-0.0664344    
n=4      s=1e-3   rho=0.68333    Q=+1.46976       Q''=-0.0665634    
n=4      s=1e-3   rho=1.00033    Q=+2.80124       Q''=-0.0667682    
n=4      s=1e-3   rho=1.53333    Q=+5.02485       Q''=-0.0671137    
n=4      s=1e-3   rho=2.33333    Q=+8.32653       Q''=-0.0676351    
n=4      s=1e-3   rho=4.33333    Q=+16.3906       Q''=-0.068953     
n=4      s=1e-3   rho=8.33333    Q=+31.686        Q''=-0.0716514    
n=4      s=0.03   rho=0.33333    Q=-0.0456455     Q''=-0.366233     
n=4      s=0.03   rho=0.33343    Q=-0.04522       Q''=-0.366235     
n=4      s=0.03   rho=0.34333    Q=-0.00311427    Q''=-0.366427     
n=4      s=0.03   rho=0.38333    Q=+0.166644      Q''=-0.367202     
n=4      s=0.03   rho=0.48333    Q=+0.588467      Q''=-0.369145     
n=4      s=0.03   rho=0.68333    Q=+1.42102       Q''=-0.373056     
n=4      s=0.03   rho=1.00033    Q=+2.70998       Q''=-0.379323     
n=4      s=0.03   rho=1.53333    Q=+4.79097       Q''=-0.390049     
n=4      s=0.03   rho=2.33333    Q=+7.70545       Q''=-0.406594     
n=4      s=0.03   rho=4.33333    Q=+13.829        Q''=-0.450335     
n=4      s=0.03   rho=8.33333    Q=+20.48         Q''=-0.548163     
n=4      s=0.3    rho=0.33333    Q=-0.155577      Q''=-1.17588      
n=4      s=0.3    rho=0.33343    Q=-0.155144      Q''=-1.1759       
n=4      s=0.3    rho=0.34333    Q=-0.112377      Q''=-1.1778       
n=4      s=0.3    rho=0.38333    Q=+0.0592439     Q''=-1.18553      
n=4      s=0.3    rho=0.48333    Q=+0.479969      Q''=-1.20502      
n=4      s=0.3    rho=0.68333    Q=+1.28507       Q''=-1.24471      
n=4      s=0.3    rho=1.00033    Q=+2.45851       Q''=-1.30958      
n=4      s=0.3    rho=1.53333    Q=+4.13136       Q''=-1.42416      
n=4      s=0.3    rho=2.33333    Q=+5.87178       Q''=-1.60919      
n=4      s=0.3    rho=4.33333    Q=+5.42944       Q''=-2.14136      
n=4      s=0.3    rho=8.33333    Q=-23.8064       Q''=-3.53025      
n=4      s=1      rho=0.33333    Q=-0.312001      Q''=-2.15714      
n=4      s=1      rho=0.33343    Q=-0.311556      Q''=-2.1572       
n=4      s=1      rho=0.34333    Q=-0.267614      Q''=-2.16336      
n=4      s=1      rho=0.38333    Q=-0.0922379     Q''=-2.18838      
n=4      s=1      rho=0.48333    Q=+0.330796      Q''=-2.25179      
n=4      s=1      rho=0.68333    Q=+1.10866       Q''=-2.38245      
n=4      s=1      rho=1.00033    Q=+2.14415       Q''=-2.60014      
n=4      s=1      rho=1.53333    Q=+3.28412       Q''=-2.99657      
n=4      s=1      rho=2.33333    Q=+3.35707       Q''=-3.67014      
n=4      s=1      rho=4.33333    Q=-7.88807       Q''=-5.88797      
n=4      s=1      rho=8.33333    Q=-113.463       Q''=-11.9687      
n=4      s=3      rho=0.33333    Q=-0.633471      Q''=-3.60733      
n=4      s=3      rho=0.33343    Q=-0.632994      Q''=-3.6075       
n=4      s=3      rho=0.34333    Q=-0.585933      Q''=-3.62398      
n=4      s=3      rho=0.38333    Q=-0.399424      Q''=-3.69116      
n=4      s=3      rho=0.48333    Q=+0.0407718     Q''=-3.86321      
n=4      s=3      rho=0.68333    Q=+0.803468      Q''=-4.22648      
n=4      s=3      rho=1.00033    Q=+1.65958       Q''=-4.86458      
n=4      s=3      rho=1.53333    Q=+1.95779       Q''=-6.16996      
n=4      s=3      rho=2.33333    Q=-1.04793       Q''=-8.86479      
n=4      s=3      rho=4.33333    Q=-38.4312       Q''=-17.937       
n=4      s=3      rho=8.33333    Q=-364.444       Q''=-36           
n=4      s=10     rho=0.33333    Q=-1.59849       Q''=-4.82846      
n=4      s=10     rho=0.33343    Q=-1.59788       Q''=-4.8289       
n=4      s=10     rho=0.34333    Q=-1.53759       Q''=-4.87341      
n=4      s=10     rho=0.38333    Q=-1.2989        Q''=-5.06225      
n=4      s=10     rho=0.48333    Q=-0.738345      Q''=-5.60357      
n=4      s=10     rho=0.68333    Q=+0.20785       Q''=-7.0295       
n=4      s=10     rho=1.00033    Q=+1.09815       Q''=-10.3051      
n=4      s=10     rho=1.53333    Q=+0.0264705     Q''=-17.795       
n=4      s=10     rho=2.33333    Q=-11.8137       Q''=-29.9761      
n=4      s=10     rho=4.33333    Q=-142.148       Q''=-60           
n=4      s=10     rho=8.33333    Q=-1242.81       Q''=-120          
n=4      s=40     rho=0.33333    Q=-5.92894       Q''=-0.624228     
n=4      s=40     rho=0.33343    Q=-5.92745       Q''=-0.629591     
n=4      s=40     rho=0.34333    Q=-5.78014       Q''=-1.16311      
n=4      s=40     rho=0.38333    Q=-5.18667       Q''=-3.36577      
n=4      s=40     rho=0.48333    Q=-3.73452       Q''=-9.10457      
n=4      s=40     rho=0.68333    Q=-1.16284       Q''=-20.9971      
n=4      s=40     rho=1.00033    Q=+1.00051       Q''=-40.019       
n=4      s=40     rho=1.53333    Q=-5.40593       Q''=-72           
n=4      s=40     rho=2.33333    Q=-56.2593       Q''=-120          
n=4      s=40     rho=4.33333    Q=-586.593       Q''=-240          
n=4      s=40     rho=8.33333    Q=-5007.26       Q''=-480          
n=5      s=1e-6   rho=0.33333    Q=-0.000268807   Q''=-0.00231002   
n=5      s=1e-6   rho=0.33343    Q=+0.000199166   Q''=-0.00231002   
n=5      s=1e-6   rho=0.34333    Q=+0.0465289     Q''=-0.00231003   
n=5      s=1e-6   rho=0.38333    Q=+0.233717      Q''=-0.00231005   
n=5      s=1e-6   rho=0.48333    Q=+0.701672      Q''=-0.00231012   
n=5      s=1e-6   rho=0.68333    Q=+1.63751       Q''=-0.00231024   
n=5      s=1e-6   rho=1.00033    Q=+3.12063       Q''=-0.00231044   
n=5      s=1e-6   rho=1.53333    Q=+5.6138        Q''=-0.00231078   
n=5      s=1e-6   rho=2.33333    Q=+9.35467       Q''=-0.00231128   
n=5      s=1e-6   rho=4.33333    Q=+18.7004       Q''=-0.00231255   
n=5      s=1e-6   rho=8.33333    Q=+37.364        Q''=-0.00231507   
n=5      s=1e-3   rho=0.33333    Q=-0.00854692    Q''=-0.0731751    
n=5      s=1e-3   rho=0.33343    Q=-0.00807871    Q''=-0.0731752    
n=5      s=1e-3   rho=0.34333    Q=+0.0382701     Q''=-0.0731814    
n=5      s=1e-3   rho=0.38333    Q=+0.225465      Q''=-0.0732067    
n=5      s=1e-3   rho=0.48333    Q=+0.69294       Q''=-0.0732698    
n=5      s=1e-3   rho=0.68333    Q=+1.62569       Q''=-0.0733961    
n=5      s=1e-3   rho=1.00033    Q=+3.09808       Q''=-0.0735967    
n=5      s=1e-3   rho=1.53333    Q=+5.55707       Q''=-0.0739351    
n=5      s=1e-3   rho=2.33333    Q=+9.20839       Q''=-0.0744454    
n=5      s=1e-3   rho=4.33333    Q=+18.1275       Q''=-0.0757341    
n=5      s=1e-3   rho=8.33333    Q=+35.0518       Q''=-0.0783671    
n=5      s=0.03   rho=0.33333    Q=-0.0480159     Q''=-0.403766     
n=5      s=0.03   rho=0.33343    Q=-0.0475464     Q''=-0.403768     
n=5      s=0.03   rho=0.34333    Q=-0.0010933     Q''=-0.403955     
n=5      s=0.03   rho=0.38333    Q=+0.186193      Q''=-0.404713     
n=5      s=0.03   rho=0.48333    Q=+0.651572      Q''=-0.406614     
n=5      s=0.03   rho=0.68333    Q=+1.57011       Q''=-0.410436     
n=5      s=0.03   rho=1.00033    Q=+2.99231       Q''=-0.416554     
n=5      s=0.03   rho=1.53333    Q=+5.28889       Q''=-0.427009     
n=5      s=0.03   rho=2.33333    Q=+8.50728       Q''=-0.443096     
n=5      s=0.03   rho=4.33333    Q=+15.2892       Q''=-0.485417     
n=5      s=0.03   rho=8.33333    Q=+22.8435       Q''=-0.579198     
n=5      s=0.3    rho=0.33333    Q=-0.162666      Q''=-1.29532      
n=5      s=0.3    rho=0.33343    Q=-0.162191      Q''=-1.29533      
n=5      s=0.3    rho=0.34333    Q=-0.115317      Q''=-1.29719      
n=5      s=0.3    rho=0.38333    Q=+0.0727768     Q''=-1.30471      
n=5      s=0.3    rho=0.48333    Q=+0.533852      Q''=-1.32365      
n=5      s=0.3    rho=0.68333    Q=+1.4161        Q''=-1.36217      
n=5      s=0.3    rho=1.00033    Q=+2.70221       Q''=-1.42492      
n=5      s=0.3    rho=1.53333    Q=+4.53852       Q''=-1.53519      
n=5      s=0.3    rho=2.33333    Q=+6.46558       Q''=-1.71195      
n=5      s=0.3    rho=4.33333    Q=+6.21756       Q''=-2.21424      
n=5      s=0.3    rho=8.33333    Q=-23.341        Q''=-3.52723      
n=5      s=1      rho=0.33333    Q=-0.323854      Q''=-2.37697      
n=5      s=1      rho=0.33343    Q=-0.323371      Q''=-2.37703      
n=5      s=1      rho=0.34333    Q=-0.275634      Q''=-2.38298      
n=5      s=1      rho=0.38333    Q=-0.0851417     Q''=-2.40712      
n=5      s=1      rho=0.48333    Q=+0.374154      Q''=-2.46821      
n=5      s=1      rho=0.68333    Q=+1.21807       Q''=-2.59357      
n=5      s=1      rho=1.00033    Q=+2.34106       Q''=-2.80104      
n=5      s=1      rho=1.53333    Q=+3.58334       Q''=-3.17504      
n=5      s=1      rho=2.33333    Q=+3.71747       Q''=-3.8028       
n=5      s=1      rho=4.33333    Q=-7.66606       Q''=-5.88554      
n=5      s=1      rho=8.33333    Q=-113.457       Q''=-11.96        
n=5      s=3      rho=0.33333    Q=-0.650224      Q''=-3.9915       
n=5      s=3      rho=0.33343    Q=-0.649714      Q''=-3.99165      
n=5      s=3      rho=0.34333    Q=-0.599415      Q''=-4.00719      
n=5      s=3      rho=0.38333    Q=-0.400204      Q''=-4.07039      
n=5      s=3      rho=0.48333    Q=+0.0691066     Q''=-4.23146      
n=5      s=3      rho=0.68333    Q=+0.879115      Q''=-4.56817      
n=5      s=3      rho=1.00033    Q=+1.78277       Q''=-5.15153      
n=5      s=3      rho=1.53333    Q=+2.09962       Q''=-6.33755      
n=5      s=3      rho=2.33333    Q=-0.95652       Q''=-8.86378      
n=5      s=3      rho=4.33333    Q=-38.4276       Q''=-17.9207      
n=5      s=3      rho=8.33333    Q=-364.444       Q''=-36           
n=5      s=10     rho=0.33333    Q=-1.61343       Q''=-5.46596      
n=5      s=10     rho=0.33343    Q=-1.6128        Q''=-5.46632      
n=5      s=10     rho=0.34333    Q=-1.55053       Q''=-5.50291      
n=5      s=10     rho=0.38333    Q=-1.3045        Q''=-5.65871      
n=5      s=10     rho=0.48333    Q=-0.729628      Q''=-6.11136      
n=5      s=10     rho=0.68333    Q=+0.23091       Q''=-7.34974      
n=5      s=10     rho=1.00033    Q=+1.12027       Q''=-10.3813      
n=5      s=10     rho=1.53333    Q=+0.0333125     Q''=-17.7504      
n=5      s=10     rho=2.33333    Q=-11.8134       Q''=-29.97        
n=5      s=10     rho=4.33333    Q=-142.148       Q''=-60           
n=5      s=10     rho=8.33333    Q=-1242.81       Q''=-120          
n=5      s=40     rho=0.33333    Q=-5.92952       Q''=-0.752312     
n=5      s=40     rho=0.33343    Q=-5.92803       Q''=-0.757548     
n=5      s=40     rho=0.34333    Q=-5.78062       Q''=-1.27899      
n=5      s=40     rho=0.38333    Q=-5.18687       Q''=-3.4417       
n=5      s=40     rho=0.48333    Q=-3.73446       Q''=-9.12625      
n=5      s=40     rho=0.68333    Q=-1.16279       Q''=-20.9961      
n=5      s=40     rho=1.00033    Q=+1.00051       Q''=-40.0187      
n=5      s=40     rho=1.53333    Q=-5.40593       Q''=-72           
n=5      s=40     rho=2.33333    Q=-56.2593       Q''=-120          
n=5      s=40     rho=4.33333    Q=-586.593       Q''=-240          
n=5      s=40     rho=8.33333    Q=-5007.26       Q''=-480          
n=8      s=1e-6   rho=0.33333    Q=-0.000300684   Q''=-0.00282361   
n=8      s=1e-6   rho=0.33343    Q=+0.000278268   Q''=-0.00282361   
n=8      s=1e-6   rho=0.34333    Q=+0.0575949     Q''=-0.00282362   
n=8      s=1e-6   rho=0.38333    Q=+0.289174      Q''=-0.00282364   
n=8      s=1e-6   rho=0.48333    Q=+0.868104      Q''=-0.0028237    
n=8      s=1e-6   rho=0.68333    Q=+2.02588       Q''=-0.00282382   
n=8      s=1e-6   rho=1.00033    Q=+3.86072       Q''=-0.00282401   
n=8      s=1e-6   rho=1.53333    Q=+6.94516       Q''=-0.00282433   
n=8      s=1e-6   rho=2.33333    Q=+11.5732       Q''=-0.00282481   
n=8      s=1e-6   rho=4.33333    Q=+23.1354       Q''=-0.002826     
n=8      s=1e-6   rho=8.33333    Q=+46.2259       Q''=-0.00282839   
n=8      s=1e-3   rho=0.33333    Q=-0.00955151    Q''=-0.089418     
n=8      s=1e-3   rho=0.33343    Q=-0.00897279    Q''=-0.0894181    
n=8      s=1e-3   rho=0.34333    Q=+0.0483163     Q''=-0.089424     
n=8      s=1e-3   rho=0.38333    Q=+0.279698      Q''=-0.0894478    
n=8      s=1e-3   rho=0.48333    Q=+0.857526      Q''=-0.0895075    
n=8      s=1e-3   rho=0.68333    Q=+2.0105        Q''=-0.0896269    
n=8      s=1e-3   rho=1.00033    Q=+3.83061       Q''=-0.0898164    
n=8      s=1e-3   rho=1.53333    Q=+6.87057       Q''=-0.0901359    
n=8      s=1e-3   rho=2.33333    Q=+11.3853       Q''=-0.0906173    
n=8      s=1e-3   rho=4.33333    Q=+22.4176       Q''=-0.0918309    
n=8      s=1e-3   rho=8.33333    Q=+43.3754       Q''=-0.0943009    
n=8      s=0.03   rho=0.33333    Q=-0.0534265     Q''=-0.49278      
n=8      s=0.03   rho=0.33343    Q=-0.0528488     Q''=-0.492782     
n=8      s=0.03   rho=0.34333    Q=+0.0043267     Q''=-0.492958     
n=8      s=0.03   rho=0.38333    Q=+0.234846      Q''=-0.493673     
n=8      s=0.03   rho=0.48333    Q=+0.807688      Q''=-0.495462     
n=8      s=0.03   rho=0.68333    Q=+1.93849       Q''=-0.499057     
n=8      s=0.03   rho=1.00033    Q=+3.68985       Q''=-0.504802     
n=8      s=0.03   rho=1.53333    Q=+6.51993       Q''=-0.514588     
n=8      s=0.03   rho=2.33333    Q=+10.4924       Q''=-0.529576     
n=8      s=0.03   rho=4.33333    Q=+18.9192       Q''=-0.568636     
n=8      s=0.03   rho=8.33333    Q=+28.7816       Q''=-0.653598     
n=8      s=0.3    rho=0.33333    Q=-0.178905      Q''=-1.57737      
n=8      s=0.3    rho=0.33343    Q=-0.178329      Q''=-1.57739      
n=8      s=0.3    rho=0.34333    Q=-0.121327      Q''=-1.57912      
n=8      s=0.3    rho=0.38333    Q=+0.107407      Q''=-1.58613      
n=8      s=0.3    rho=0.48333    Q=+0.668115      Q''=-1.60378      
n=8      s=0.3    rho=0.68333    Q=+1.74124       Q''=-1.63951      
n=8      s=0.3    rho=1.00033    Q=+3.3072        Q''=-1.69739      
n=8      s=0.3    rho=1.53333    Q=+5.55263       Q''=-1.79807      
n=8      s=0.3    rho=2.33333    Q=+7.95465       Q''=-1.95706      
n=8      s=0.3    rho=4.33333    Q=+8.24038       Q''=-2.39609      
n=8      s=0.3    rho=8.33333    Q=-22.0654       Q''=-3.53093      
n=8      s=1      rho=0.33333    Q=-0.351204      Q''=-2.89382      
n=8      s=1      rho=0.33343    Q=-0.350625      Q''=-2.89387      
n=8      s=1      rho=0.34333    Q=-0.293517      Q''=-2.89934      
n=8      s=1      rho=0.38333    Q=-0.0656733     Q''=-2.92151      
n=8      s=1      rho=0.48333    Q=+0.483406      Q''=-2.9774       
n=8      s=1      rho=0.68333    Q=+1.49168       Q''=-3.09116      
n=8      s=1      rho=1.00033    Q=+2.83461       Q''=-3.27683      
n=8      s=1      rho=1.53333    Q=+4.34032       Q''=-3.60395      
n=8      s=1      rho=2.33333    Q=+4.64703       Q''=-4.13552      
n=8      s=1      rho=4.33333    Q=-7.05604       Q''=-5.89929      
n=8      s=1      rho=8.33333    Q=-113.441       Q''=-11.9344      
n=8      s=3      rho=0.33333    Q=-0.689627      Q''=-4.89211      
n=8      s=3      rho=0.33343    Q=-0.689036      Q''=-4.89225      
n=8      s=3      rho=0.34333    Q=-0.630693      Q''=-4.90583      
n=8      s=3      rho=0.38333    Q=-0.399875      Q''=-4.96086      
n=8      s=3      rho=0.48333    Q=+0.142252      Q''=-5.0995       
n=8      s=3      rho=0.68333    Q=+1.07211       Q''=-5.3823       
n=8      s=3      rho=1.00033    Q=+2.10015       Q''=-5.85348      
n=8      s=3      rho=1.53333    Q=+2.47506       Q''=-6.78084      
n=8      s=3      rho=2.33333    Q=-0.702929      Q''=-8.88946      
n=8      s=3      rho=4.33333    Q=-38.4169       Q''=-17.8728      
n=8      s=3      rho=8.33333    Q=-364.444       Q''=-36           
n=8      s=10     rho=0.33333    Q=-1.65097       Q''=-7.00534      
n=8      s=10     rho=0.33343    Q=-1.65028       Q''=-7.00554      
n=8      s=10     rho=0.34333    Q=-1.58296       Q''=-7.02596      
n=8      s=10     rho=0.38333    Q=-1.31797       Q''=-7.11359      
n=8      s=10     rho=0.48333    Q=-0.705661      Q''=-7.37801      
n=8      s=10     rho=0.68333    Q=+0.293879      Q''=-8.19247      
n=8      s=10     rho=1.00033    Q=+1.18252       Q''=-10.612       
n=8      s=10     rho=1.53333    Q=+0.0533445     Q''=-17.6279      
n=8      s=10     rho=2.33333    Q=-11.8126       Q''=-29.9519      
n=8      s=10     rho=4.33333    Q=-142.148       Q''=-60           
n=8      s=10     rho=8.33333    Q=-1242.81       Q''=-120          
n=8      s=40     rho=0.33333    Q=-5.93121       Q''=-1.12159      
n=8      s=40     rho=0.33343    Q=-5.92972       Q''=-1.12647      
n=8      s=40     rho=0.34333    Q=-5.78204       Q''=-1.61373      
n=8      s=40     rho=0.38333    Q=-5.18746       Q''=-3.66268      
n=8      s=40     rho=0.48333    Q=-3.73428       Q''=-9.19029      
n=8      s=40     rho=0.68333    Q=-1.16266       Q''=-20.9931      
n=8      s=40     rho=1.00033    Q=+1.00052       Q''=-40.0179      
n=8      s=40     rho=1.53333    Q=-5.40593       Q''=-72           
n=8      s=40     rho=2.33333    Q=-56.2593       Q''=-120          
n=8      s=40     rho=4.33333    Q=-586.593       Q''=-240          
n=8      s=40     rho=8.33333    Q=-5007.26       Q''=-480          
n=20     s=1e-6   rho=0.33333    Q=-0.000369356   Q''=-0.00401292   
n=20     s=1e-6   rho=0.33343    Q=+0.00048878    Q''=-0.00401292   
n=20     s=1e-6   rho=0.34333    Q=+0.0854449     Q''=-0.00401292   
n=20     s=1e-6   rho=0.38333    Q=+0.428698      Q''=-0.00401294   
n=20     s=1e-6   rho=0.48333    Q=+1.2868        Q''=-0.004013     
n=20     s=1e-6   rho=0.68333    Q=+3.00289       Q''=-0.0040131    
n=20     s=1e-6   rho=1.00033    Q=+5.72256       Q''=-0.00401326   
n=20     s=1e-6   rho=1.53333    Q=+10.2945       Q''=-0.00401353   
n=20     s=1e-6   rho=2.33333    Q=+17.1545       Q''=-0.00401394   
n=20     s=1e-6   rho=4.33333    Q=+34.2933       Q''=-0.00401496   
n=20     s=1e-6   rho=8.33333    Q=+68.5227       Q''=-0.004017     
n=20     s=1e-3   rho=0.33333    Q=-0.0117165     Q''=-0.127013     
n=20     s=1e-3   rho=0.33343    Q=-0.0108597     Q''=-0.127013     
n=20     s=1e-3   rho=0.34333    Q=+0.0739515     Q''=-0.127018     
n=20     s=1e-3   rho=0.38333    Q=+0.416496      Q''=-0.127039     
n=20     s=1e-3   rho=0.48333    Q=+1.27197       Q''=-0.12709      
n=20     s=1e-3   rho=0.68333    Q=+2.9791        Q''=-0.127192     
n=20     s=1e-3   rho=1.00033    Q=+5.67448       Q''=-0.127354     
n=20     s=1e-3   rho=1.53333    Q=+10.1776       Q''=-0.127626     
n=20     s=1e-3   rho=2.33333    Q=+16.8684       Q''=-0.128036     
n=20     s=1e-3   rho=4.33333    Q=+33.2364       Q''=-0.129067     
n=20     s=1e-3   rho=8.33333    Q=+64.4195       Q''=-0.131154     
n=20     s=0.03   rho=0.33333    Q=-0.0651077     Q''=-0.698365     
n=20     s=0.03   rho=0.33343    Q=-0.0642573     Q''=-0.698366     
n=20     s=0.03   rho=0.34333    Q=+0.019895      Q''=-0.698516     
n=20     s=0.03   rho=0.38333    Q=+0.359207      Q''=-0.699123     
n=20     s=0.03   rho=0.48333    Q=+1.20259       Q''=-0.700643     
n=20     s=0.03   rho=0.68333    Q=+2.86832       Q''=-0.703691     
n=20     s=0.03   rho=1.00033    Q=+5.4508        Q''=-0.708547     
n=20     s=0.03   rho=1.53333    Q=+9.63218       Q''=-0.716783     
n=20     s=0.03   rho=2.33333    Q=+15.5252       Q''=-0.729308     
n=20     s=0.03   rho=4.33333    Q=+28.198        Q''=-0.761467     
n=20     s=0.03   rho=8.33333    Q=+44.2713       Q''=-0.829227     
n=20     s=0.3    rho=0.33333    Q=-0.214202      Q''=-2.22519      
n=20     s=0.3    rho=0.33343    Q=-0.213367      Q''=-2.2252       
n=20     s=0.3    rho=0.34333    Q=-0.130854      Q''=-2.22665      
n=20     s=0.3    rho=0.38333    Q=+0.200308      Q''=-2.23252      
n=20     s=0.3    rho=0.48333    Q=+1.01257       Q''=-2.24723      
n=20     s=0.3    rho=0.68333    Q=+2.56952       Q''=-2.27686      
n=20     s=0.3    rho=1.00033    Q=+4.85023       Q''=-2.32437      
n=20     s=0.3    rho=1.53333    Q=+8.15598       Q''=-2.40568      
n=20     s=0.3    rho=2.33333    Q=+11.8276       Q''=-2.53067      
n=20     s=0.3    rho=4.33333    Q=+13.7406       Q''=-2.85449      
n=20     s=0.3    rho=8.33333    Q=-18.0886       Q''=-3.60924      
n=20     s=1      rho=0.33333    Q=-0.411403      Q''=-4.07379      
n=20     s=1      rho=0.33343    Q=-0.410585      Q''=-4.07384      
n=20     s=1      rho=0.34333    Q=-0.329789      Q''=-4.0783       
n=20     s=1      rho=0.38333    Q=-0.00741547    Q''=-4.09633      
n=20     s=1      rho=0.48333    Q=+0.769782      Q''=-4.14153      
n=20     s=1      rho=0.68333    Q=+2.19948       Q''=-4.23229      
n=20     s=1      rho=1.00033    Q=+4.11727       Q''=-4.37673      
n=20     s=1      rho=1.53333    Q=+6.34296       Q''=-4.61953      
n=20     s=1      rho=2.33333    Q=+7.19904       Q''=-4.98081      
n=20     s=1      rho=4.33333    Q=-5.14298       Q''=-6.05864      
n=20     s=1      rho=8.33333    Q=-113.378       Q''=-11.8392      
n=20     s=3      rho=0.33333    Q=-0.779304      Q''=-6.93791      
n=20     s=3      rho=0.33343    Q=-0.778504      Q''=-6.93801      
n=20     s=3      rho=0.34333    Q=-0.699585      Q''=-6.94809      
n=20     s=3      rho=0.38333    Q=-0.387667      Q''=-6.98859      
n=20     s=3      rho=0.48333    Q=+0.343068      Q''=-7.08817      
n=20     s=3      rho=0.68333    Q=+1.59093       Q''=-7.27959      
n=20     s=3      rho=1.00033    Q=+2.96943       Q''=-7.56209      
n=20     s=3      rho=1.53333    Q=+3.56065       Q''=-8.01942      
n=20     s=3      rho=2.33333    Q=+0.110551      Q''=-9.14705      
n=20     s=3      rho=4.33333    Q=-38.3755       Q''=-17.6966      
n=20     s=3      rho=8.33333    Q=-364.444       Q''=-36           
n=20     s=10     rho=0.33333    Q=-1.74753       Q''=-10.6588      
n=20     s=10     rho=0.33343    Q=-1.7467        Q''=-10.6588      
n=20     s=10     rho=0.34333    Q=-1.66563       Q''=-10.6533      
n=20     s=10     rho=0.38333    Q=-1.34868       Q''=-10.6297      
n=20     s=10     rho=0.48333    Q=-0.630643      Q''=-10.5703      
n=20     s=10     rho=0.68333    Q=+0.488602      Q''=-10.558       
n=20     s=10     rho=1.00033    Q=+1.38912       Q''=-11.4809      
n=20     s=10     rho=1.53333    Q=+0.127433      Q''=-17.2566      
n=20     s=10     rho=2.33333    Q=-11.8093       Q''=-29.8818      
n=20     s=10     rho=4.33333    Q=-142.148       Q''=-60           
n=20     s=10     rho=8.33333    Q=-1242.81       Q''=-120          
n=20     s=40     rho=0.33333    Q=-5.93747       Q''=-2.42555      
n=20     s=40     rho=0.33343    Q=-5.93596       Q''=-2.42924      
n=20     s=40     rho=0.34333    Q=-5.78726       Q''=-2.80266      
n=20     s=40     rho=0.38333    Q=-5.18964       Q''=-4.46477      
n=20     s=40     rho=0.48333    Q=-3.73358       Q''=-9.43333      
n=20     s=40     rho=0.68333    Q=-1.16215       Q''=-20.9819      
n=20     s=40     rho=1.00033    Q=+1.00054       Q''=-40.0148      
n=20     s=40     rho=1.53333    Q=-5.40593       Q''=-72           
n=20     s=40     rho=2.33333    Q=-56.2593       Q''=-120          
n=20     s=40     rho=4.33333    Q=-586.593       Q''=-240          
n=20     s=40     rho=8.33333    Q=-5007.26       Q''=-480          
n=100    s=1e-6   rho=0.33333    Q=-0.00049565    Q''=-0.00640314   
n=100    s=1e-6   rho=0.33343    Q=+0.00102165    Q''=-0.00640314   
n=100    s=1e-6   rho=0.34333    Q=+0.151236      Q''=-0.00640314   
n=100    s=1e-6   rho=0.38333    Q=+0.758156      Q''=-0.00640315   
n=100    s=1e-6   rho=0.48333    Q=+2.27541       Q''=-0.00640319   
n=100    s=1e-6   rho=0.68333    Q=+5.30973       Q''=-0.00640326   
n=100    s=1e-6   rho=1.00033    Q=+10.1186       Q''=-0.00640337   
n=100    s=1e-6   rho=1.53333    Q=+18.2027       Q''=-0.00640356   
n=100    s=1e-6   rho=2.33333    Q=+30.3331       Q''=-0.00640384   
n=100    s=1e-6   rho=4.33333    Q=+60.641        Q''=-0.00640454   
n=100    s=1e-6   rho=8.33333    Q=+121.18        Q''=-0.00640594   
n=100    s=1e-3   rho=0.33333    Q=-0.0157005     Q''=-0.20255      
n=100    s=1e-3   rho=0.33343    Q=-0.0141871     Q''=-0.20255      
n=100    s=1e-3   rho=0.34333    Q=+0.135625      Q''=-0.202554     
n=100    s=1e-3   rho=0.38333    Q=+0.740725      Q''=-0.202568     
n=100    s=1e-3   rho=0.48333    Q=+2.25206       Q''=-0.202603     
n=100    s=1e-3   rho=0.68333    Q=+5.26864       Q''=-0.202673     
n=100    s=1e-3   rho=1.00033    Q=+10.0333       Q''=-0.202783     
n=100    s=1e-3   rho=1.53333    Q=+17.9986       Q''=-0.20297      
n=100    s=1e-3   rho=2.33333    Q=+29.8459       Q''=-0.20325      
n=100    s=1e-3   rho=4.33333    Q=+58.8944       Q''=-0.203952     
n=100    s=1e-3   rho=8.33333    Q=+114.541       Q''=-0.205364     
n=100    s=0.03   rho=0.33333    Q=-0.08667       Q''=-1.11091      
n=100    s=0.03   rho=0.33343    Q=-0.0851749     Q''=-1.11091      
n=100    s=0.03   rho=0.34333    Q=+0.0627883     Q''=-1.11101      
n=100    s=0.03   rho=0.38333    Q=+0.65951       Q''=-1.11142      
n=100    s=0.03   rho=0.48333    Q=+2.14353       Q''=-1.11246      
n=100    s=0.03   rho=0.68333    Q=+5.0782        Q''=-1.11452      
n=100    s=0.03   rho=1.00033    Q=+9.63828       Q''=-1.1178       
n=100    s=0.03   rho=1.53333    Q=+17.0522       Q''=-1.12334      
n=100    s=0.03   rho=2.33333    Q=+27.5805       Q''=-1.13169      
n=100    s=0.03   rho=4.33333    Q=+50.7208       Q''=-1.15274      
n=100    s=0.03   rho=8.33333    Q=+83.0837       Q''=-1.19514      
n=100    s=0.3    rho=0.33333    Q=-0.280039      Q''=-3.52085      
n=100    s=0.3    rho=0.33343    Q=-0.278592      Q''=-3.52086      
n=100    s=0.3    rho=0.34333    Q=-0.135432      Q''=-3.52182      
n=100    s=0.3    rho=0.38333    Q=+0.439476      Q''=-3.52571      
n=100    s=0.3    rho=0.48333    Q=+1.85205       Q''=-3.53542      
n=100    s=0.3    rho=0.68333    Q=+4.57104       Q''=-3.55486      
n=100    s=0.3    rho=1.00033    Q=+8.58903       Q''=-3.58564      
n=100    s=0.3    rho=1.53333    Q=+14.531        Q''=-3.63715      
n=100    s=0.3    rho=2.33333    Q=+21.5057       Q''=-3.71318      
n=100    s=0.3    rho=4.33333    Q=+28.4448       Q''=-3.88682      
n=100    s=0.3    rho=8.33333    Q=-4.77949       Q''=-4.09215      
n=100    s=1      rho=0.33333    Q=-0.525708      Q''=-6.42467      
n=100    s=1      rho=0.33343    Q=-0.524315      Q''=-6.42469      
n=100    s=1      rho=0.34333    Q=-0.386738      Q''=-6.42753      
n=100    s=1      rho=0.38333    Q=+0.16271       Q''=-6.43897      
n=100    s=1      rho=0.48333    Q=+1.49122       Q''=-6.46738      
n=100    s=1      rho=0.68333    Q=+3.95393       Q''=-6.52332      
n=100    s=1      rho=1.00033    Q=+7.32192       Q''=-6.60894      
n=100    s=1      rho=1.53333    Q=+11.4836       Q''=-6.74102      
n=100    s=1      rho=2.33333    Q=+14.1267       Q''=-6.89675      
n=100    s=1      rho=4.33333    Q=+1.33537       Q''=-6.99064      
n=100    s=1      rho=8.33333    Q=-113.005       Q''=-11.3704      
n=100    s=3      rho=0.33333    Q=-0.957328      Q''=-10.9975      
n=100    s=3      rho=0.33343    Q=-0.956017      Q''=-10.9975      
n=100    s=3      rho=0.34333    Q=-0.826743      Q''=-11.0029      
n=100    s=3      rho=0.38333    Q=-0.315412      Q''=-11.0242      
n=100    s=3      rho=0.48333    Q=+0.885677      Q''=-11.074       
n=100    s=3      rho=0.68333    Q=+2.9552        Q''=-11.1567      
n=100    s=3      rho=1.00033    Q=+5.32042       Q''=-11.2317      
n=100    s=3      rho=1.53333    Q=+6.75469       Q''=-11.165       
n=100    s=3      rho=2.33333    Q=+2.98723       Q''=-10.7372      
n=100    s=3      rho=4.33333    Q=-38.1342       Q''=-16.8647      
n=100    s=3      rho=8.33333    Q=-364.444       Q''=-36           
n=100    s=10     rho=0.33333    Q=-1.97479       Q''=-18.2065      
n=100    s=10     rho=0.33343    Q=-1.97359       Q''=-18.2062      
n=100    s=10     rho=0.34333    Q=-1.85582       Q''=-18.1785      
n=100    s=10     rho=0.38333    Q=-1.39806       Q''=-18.058       
n=100    s=10     rho=0.48333    Q=-0.379594      Q''=-17.6953      
n=100    s=10     rho=0.68333    Q=+1.13113       Q''=-16.7373      
n=100    s=10     rho=1.00033    Q=+2.17238       Q''=-15.0798      
n=100    s=10     rho=1.53333    Q=+0.495618      Q''=-16.415       
n=100    s=10     rho=2.33333    Q=-11.7882       Q''=-29.4742      
n=100    s=10     rho=4.33333    Q=-142.148       Q''=-60           
n=100    s=10     rho=8.33333    Q=-1242.81       Q''=-120          
n=100    s=40     rho=0.33333    Q=-5.96849       Q''=-8.01565      
n=100    s=40     rho=0.33343    Q=-5.96693       Q''=-8.0152       
n=100    s=40     rho=0.34333    Q=-5.81332       Q''=-7.9867       
n=100    s=40     rho=0.38333    Q=-5.20064       Q''=-8.19766      
n=100    s=40     rho=0.48333    Q=-3.72927       Q''=-10.7436      
n=100    s=40     rho=0.68333    Q=-1.15887       Q''=-20.9246      
n=100    s=40     rho=1.00033    Q=+1.00072       Q''=-39.9943      
n=100    s=40     rho=1.53333    Q=-5.40593       Q''=-72           
n=100    s=40     rho=2.33333    Q=-56.2593       Q''=-120          
n=100    s=40     rho=4.33333    Q=-586.593       Q''=-240          
n=100    s=40     rho=8.33333    Q=-5007.26       Q''=-480          
n=1000   s=1e-6   rho=0.33333    Q=-0.000661607   Q''=-0.00971728   
n=1000   s=1e-6   rho=0.33343    Q=+0.00201509    Q''=-0.00971728   
n=1000   s=1e-6   rho=0.34333    Q=+0.26701       Q''=-0.00971728   
n=1000   s=1e-6   rho=0.38333    Q=+1.33769       Q''=-0.00971729   
n=1000   s=1e-6   rho=0.48333    Q=+4.01431       Q''=-0.00971731   
n=1000   s=1e-6   rho=0.68333    Q=+9.36727       Q''=-0.00971735   
n=1000   s=1e-6   rho=1.00033    Q=+17.8509       Q''=-0.00971741   
n=1000   s=1e-6   rho=1.53333    Q=+32.113        Q''=-0.00971752   
n=1000   s=1e-6   rho=2.33333    Q=+53.5143       Q''=-0.00971767   
n=1000   s=1e-6   rho=4.33333    Q=+106.99        Q''=-0.00971806   
n=1000   s=1e-6   rho=8.33333    Q=+213.826       Q''=-0.00971884   
n=1000   s=1e-3   rho=0.33333    Q=-0.0209399     Q''=-0.307299     
n=1000   s=1e-3   rho=0.33343    Q=-0.0182709     Q''=-0.307299     
n=1000   s=1e-3   rho=0.34333    Q=+0.245949      Q''=-0.307301     
n=1000   s=1e-3   rho=0.38333    Q=+1.3132        Q''=-0.307309     
n=1000   s=1e-3   rho=0.48333    Q=+3.97917       Q''=-0.307328     
n=1000   s=1e-3   rho=0.68333    Q=+9.30189       Q''=-0.307367     
n=1000   s=1e-3   rho=1.00033    Q=+17.7132       Q''=-0.307428     
n=1000   s=1e-3   rho=1.53333    Q=+31.7863       Q''=-0.307531     
n=1000   s=1e-3   rho=2.33333    Q=+52.7451       Q''=-0.307686     
n=1000   s=1e-3   rho=4.33333    Q=+104.28        Q''=-0.308072     
n=1000   s=1e-3   rho=8.33333    Q=+203.653       Q''=-0.308844     
n=1000   s=0.03   rho=0.33333    Q=-0.115137      Q''=-1.68332      
n=1000   s=0.03   rho=0.33343    Q=-0.112503      Q''=-1.68332      
n=1000   s=0.03   rho=0.34333    Q=+0.148143      Q''=-1.68338      
n=1000   s=0.03   rho=0.38333    Q=+1.19958       Q''=-1.6836       
n=1000   s=0.03   rho=0.48333    Q=+3.81638       Q''=-1.68417      
n=1000   s=0.03   rho=0.68333    Q=+8.99944       Q''=-1.68529      
n=1000   s=0.03   rho=1.00033    Q=+17.0765       Q''=-1.68708      
n=1000   s=0.03   rho=1.53333    Q=+30.2749       Q''=-1.69008      
n=1000   s=0.03   rho=2.33333    Q=+49.1834       Q''=-1.69456      
n=1000   s=0.03   rho=4.33333    Q=+91.7038       Q''=-1.70563      
n=1000   s=0.03   rho=8.33333    Q=+156.234       Q''=-1.72675      
n=1000   s=0.3    rho=0.33333    Q=-0.367997      Q''=-5.32116      
n=1000   s=0.3    rho=0.33343    Q=-0.365457      Q''=-5.32116      
n=1000   s=0.3    rho=0.34333    Q=-0.114186      Q''=-5.32167      
n=1000   s=0.3    rho=0.38333    Q=+0.895739      Q''=-5.32372      
n=1000   s=0.3    rho=0.48333    Q=+3.38328       Q''=-5.32882      
n=1000   s=0.3    rho=0.68333    Q=+8.19844       Q''=-5.33896      
n=1000   s=0.3    rho=1.00033    Q=+15.3928       Q''=-5.35477      
n=1000   s=0.3    rho=1.53333    Q=+26.2756       Q''=-5.38051      
n=1000   s=0.3    rho=2.33333    Q=+39.7389       Q''=-5.41646      
n=1000   s=0.3    rho=4.33333    Q=+58.1894       Q''=-5.48235      
n=1000   s=0.3    rho=8.33333    Q=+29.3836       Q''=-5.36259      
n=1000   s=1      rho=0.33333    Q=-0.681222      Q''=-9.69585      
n=1000   s=1      rho=0.33343    Q=-0.678791      Q''=-9.69586      
n=1000   s=1      rho=0.34333    Q=-0.438654      Q''=-9.69726      
n=1000   s=1      rho=0.38333    Q=+0.52192       Q''=-9.70287      
n=1000   s=1      rho=0.48333    Q=+2.85541       Q''=-9.71666      
n=1000   s=1      rho=0.68333    Q=+7.23077       Q''=-9.74309      
n=1000   s=1      rho=1.00033    Q=+13.3669       Q''=-9.78125      
n=1000   s=1      rho=1.53333    Q=+21.4669       Q''=-9.83182      
n=1000   s=1      rho=2.33333    Q=+28.3806       Q''=-9.85986      
n=1000   s=1      rho=4.33333    Q=+18.1952       Q''=-9.4285       
n=1000   s=1      rho=8.33333    Q=-110.475       Q''=-9.67994      
n=1000   s=3      rho=0.33333    Q=-1.20982       Q''=-16.6557      
n=1000   s=3      rho=0.33343    Q=-1.20756       Q''=-16.6557      
n=1000   s=3      rho=0.34333    Q=-0.984852      Q''=-16.6576      
n=1000   s=3      rho=0.38333    Q=-0.10163       Q''=-16.6646      
n=1000   s=3      rho=0.48333    Q=+1.98975       Q''=-16.679       
n=1000   s=3      rho=0.68333    Q=+5.67207       Q''=-16.6919      
n=1000   s=3      rho=1.00033    Q=+10.1411       Q''=-16.6579      
n=1000   s=3      rho=1.53333    Q=+13.8895       Q''=-16.3821      
n=1000   s=3      rho=2.33333    Q=+10.8548       Q''=-15.1679      
n=1000   s=3      rho=4.33333    Q=-36.5602       Q''=-14.1988      
n=1000   s=3      rho=8.33333    Q=-364.444       Q''=-35.9999      
n=1000   s=10     rho=0.33333    Q=-2.35078       Q''=-28.9236      
n=1000   s=10     rho=0.33343    Q=-2.34883       Q''=-28.9233      
n=1000   s=10     rho=0.34333    Q=-2.15657       Q''=-28.8936      
n=1000   s=10     rho=0.38333    Q=-1.40859       Q''=-28.7643      
n=1000   s=10     rho=0.48333    Q=+0.260534      Q''=-28.3689      
n=1000   s=10     rho=0.68333    Q=+2.75313       Q''=-27.2178      
n=1000   s=10     rho=1.00033    Q=+4.50377       Q''=-24.2436      
n=1000   s=10     rho=1.53333    Q=+2.17201       Q''=-18.1309      
n=1000   s=10     rho=2.33333    Q=-11.609        Q''=-27.0093      
n=1000   s=10     rho=4.33333    Q=-142.148       Q''=-60           
n=1000   s=10     rho=8.33333    Q=-1242.81       Q''=-120          
n=1000   s=40     rho=0.33333    Q=-6.10745       Q''=-25.883       
n=1000   s=40     rho=0.33343    Q=-6.10567       Q''=-25.8752      
n=1000   s=40     rho=0.34333    Q=-5.93121       Q''=-25.1081      
n=1000   s=40     rho=0.38333    Q=-5.25065       Q''=-22.2717      
n=1000   s=40     rho=0.48333    Q=-3.69766       Q''=-17.7031      
n=1000   s=40     rho=0.68333    Q=-1.13055       Q''=-20.83        
n=1000   s=40     rho=1.00033    Q=+1.00258       Q''=-39.7938      
n=1000   s=40     rho=1.53333    Q=-5.40592       Q''=-71.9996      
n=1000   s=40     rho=2.33333    Q=-56.2593       Q''=-120          
n=1000   s=40     rho=4.33333    Q=-586.593       Q''=-240          
n=1000   s=40     rho=8.33333    Q=-5007.26       Q''=-480          
n=9999   s=1e-6   rho=0.33333    Q=-0.00080369    Q''=-0.0125588    
n=9999   s=1e-6   rho=0.33343    Q=+0.00313306    Q''=-0.0125588    
n=9999   s=1e-6   rho=0.34333    Q=+0.392875      Q''=-0.0125588    
n=9999   s=1e-6   rho=0.38333    Q=+1.96758       Q''=-0.0125588    
n=9999   s=1e-6   rho=0.48333    Q=+5.90424       Q''=-0.0125588    
n=9999   s=1e-6   rho=0.68333    Q=+13.7772       Q''=-0.0125589    
n=9999   s=1e-6   rho=1.00033    Q=+26.2548       Q''=-0.0125589    
n=9999   s=1e-6   rho=1.53333    Q=+47.2317       Q''=-0.012559     
n=9999   s=1e-6   rho=2.33333    Q=+78.7099       Q''=-0.012559     
n=9999   s=1e-6   rho=4.33333    Q=+157.37        Q''=-0.0125593    
n=9999   s=1e-6   rho=8.33333    Q=+314.541       Q''=-0.0125597    
n=9999   s=1e-3   rho=0.33333    Q=-0.0254286     Q''=-0.397133     
n=9999   s=1e-3   rho=0.33343    Q=-0.0215027     Q''=-0.397133     
n=9999   s=1e-3   rho=0.34333    Q=+0.367144      Q''=-0.397134     
n=9999   s=1e-3   rho=0.38333    Q=+1.93704       Q''=-0.397138     
n=9999   s=1e-3   rho=0.48333    Q=+5.85899       Q''=-0.39715      
n=9999   s=1e-3   rho=0.68333    Q=+13.691        Q''=-0.397173     
n=9999   s=1e-3   rho=1.00033    Q=+26.0721       Q''=-0.39721      
n=9999   s=1e-3   rho=1.53333    Q=+46.7997       Q''=-0.397271     
n=9999   s=1e-3   rho=2.33333    Q=+77.6986       Q''=-0.397363     
n=9999   s=1e-3   rho=4.33333    Q=+153.833       Q''=-0.397593     
n=9999   s=1e-3   rho=8.33333    Q=+301.33        Q''=-0.39805      
n=9999   s=0.03   rho=0.33333    Q=-0.139598      Q''=-2.17479      
n=9999   s=0.03   rho=0.33343    Q=-0.135722      Q''=-2.17479      
n=9999   s=0.03   rho=0.34333    Q=+0.247869      Q''=-2.17482      
n=9999   s=0.03   rho=0.38333    Q=+1.79556       Q''=-2.17496      
n=9999   s=0.03   rho=0.48333    Q=+5.64957       Q''=-2.17529      
n=9999   s=0.03   rho=0.68333    Q=+13.2923       Q''=-2.17596      
n=9999   s=0.03   rho=1.00033    Q=+25.2278       Q''=-2.17701      
n=9999   s=0.03   rho=1.53333    Q=+44.8027       Q''=-2.17876      
n=9999   s=0.03   rho=2.33333    Q=+73.0215       Q''=-2.18137      
n=9999   s=0.03   rho=4.33333    Q=+137.457       Q''=-2.18769      
n=9999   s=0.03   rho=8.33333    Q=+240.053       Q''=-2.19916      
n=9999   s=0.3    rho=0.33333    Q=-0.444243      Q''=-6.87144      
n=9999   s=0.3    rho=0.33343    Q=-0.4405        Q''=-6.87144      
n=9999   s=0.3    rho=0.34333    Q=-0.0702101     Q''=-6.87173      
n=9999   s=0.3    rho=0.38333    Q=+1.41905       Q''=-6.8729       
n=9999   s=0.3    rho=0.48333    Q=+5.09409       Q''=-6.8758       
n=9999   s=0.3    rho=0.68333    Q=+12.2379       Q''=-6.88151      
n=9999   s=0.3    rho=1.00033    Q=+22.9968       Q''=-6.8903       
n=9999   s=0.3    rho=1.53333    Q=+39.5254       Q''=-6.90424      
n=9999   s=0.3    rho=2.33333    Q=+60.6514       Q''=-6.92264      
n=9999   s=0.3    rho=4.33333    Q=+94.065        Q''=-6.94768      
n=9999   s=0.3    rho=8.33333    Q=+77.7121       Q''=-6.77861      
n=9999   s=1      rho=0.33333    Q=-0.817732      Q''=-12.5217      
n=9999   s=1      rho=0.33343    Q=-0.814146      Q''=-12.5217      
n=9999   s=1      rho=0.34333    Q=-0.459757      Q''=-12.5224      
n=9999   s=1      rho=0.38333    Q=+0.959619      Q''=-12.5254      
n=9999   s=1      rho=0.48333    Q=+4.42037       Q''=-12.5325      
n=9999   s=1      rho=0.68333    Q=+10.9658       Q''=-12.5459      
n=9999   s=1      rho=1.00033    Q=+20.3121       Q''=-12.5639      
n=9999   s=1      rho=1.53333    Q=+33.1802       Q''=-12.5831      
n=9999   s=1      rho=2.33333    Q=+45.7858       Q''=-12.5732      
n=9999   s=1      rho=4.33333    Q=+42.2537       Q''=-12.1217      
n=9999   s=1      rho=8.33333    Q=-101.862       Q''=-8.35168      
n=9999   s=3      rho=0.33333    Q=-1.4374        Q''=-21.5613      
n=9999   s=3      rho=0.33343    Q=-1.43407       Q''=-21.5613      
n=9999   s=3      rho=0.34333    Q=-1.10492       Q''=-21.5618      
n=9999   s=3      rho=0.38333    Q=+0.20343       Q''=-21.5636      
n=9999   s=3      rho=0.48333    Q=+3.32336       Q''=-21.5654      
n=9999   s=3      rho=0.68333    Q=+8.9163        Q''=-21.5572      
n=9999   s=3      rho=1.00033    Q=+16.0151       Q''=-21.5027      
n=9999   s=3      rho=1.53333    Q=+23.0876       Q''=-21.242       
n=9999   s=3      rho=2.33333    Q=+22.4416       Q''=-20.1435      
n=9999   s=3      rho=4.33333    Q=-31.4597       Q''=-12.8512      
n=9999   s=3      rho=8.33333    Q=-364.444       Q''=-35.9991      
n=9999   s=10     rho=0.33333    Q=-2.72168       Q''=-38.2259      
n=9999   s=10     rho=0.33343    Q=-2.71881       Q''=-38.2256      
n=9999   s=10     rho=0.34333    Q=-2.43621       Q''=-38.2022      
n=9999   s=10     rho=0.38333    Q=-1.33248       Q''=-38.1004      
n=9999   s=10     rho=0.48333    Q=+1.16055       Q''=-37.7915      
n=9999   s=10     rho=0.68333    Q=+5.01709       Q''=-36.8858      
n=9999   s=10     rho=1.00033    Q=+8.13242       Q''=-34.3369      
n=9999   s=10     rho=1.53333    Q=+5.84765       Q''=-25.8829      
n=9999   s=10     rho=2.33333    Q=-10.7449       Q''=-21.6225      
n=9999   s=10     rho=4.33333    Q=-142.148       Q''=-59.9997      
n=9999   s=10     rho=8.33333    Q=-1242.81       Q''=-120          
n=9999   s=40     rho=0.33333    Q=-6.39693       Q''=-49.9451      
n=9999   s=40     rho=0.33343    Q=-6.39472       Q''=-49.9348      
n=9999   s=40     rho=0.34333    Q=-6.17818       Q''=-48.9073      
n=9999   s=40     rho=0.38333    Q=-5.35105       Q''=-44.6485      
n=9999   s=40     rho=0.48333    Q=-3.58068       Q''=-34.0964      
n=9999   s=40     rho=0.68333    Q=-0.99032       Q''=-22.8395      
n=9999   s=40     rho=1.00033    Q=+1.01729       Q''=-38.5659      
n=9999   s=40     rho=1.53333    Q=-5.40591       Q''=-71.9964      
n=9999   s=40     rho=2.33333    Q=-56.2593       Q''=-120          
n=9999   s=40     rho=4.33333    Q=-586.593       Q''=-240          
n=9999   s=40     rho=8.33333    Q=-5007.26       Q''=-480          

max Qpp over grid: -0.0018431505087580207 at n=3 s=1e-6 rho=0.33333333433333334
